[17:30:25] [ServerMain/INFO]: [bootstrap] Running Java 21 (OpenJDK 64-Bit Server VM 21.0.8+9-Ubuntu-0ubuntu124.04.1; Ubuntu null) on Linux 6.8.0-1030-azure (amd64)
[17:30:25] [ServerMain/INFO]: [bootstrap] Loading Paper 1.21.8-6-main@782ce95 (2025-07-18T20:26:58Z) for Minecraft 1.21.8
[17:30:26] [ServerMain/INFO]: [PluginInitializerManager] Initializing plugins...
[17:30:26] [ServerMain/INFO]: [PluginInitializerManager] Initialized 0 plugins
[17:30:26] [Paper Plugin Remapper Thread - 1/INFO]: [ReobfServer] Remapping server...
[17:30:34] [ServerMain/INFO]: Environment: Environment[sessionHost=https://sessionserver.mojang.com, servicesHost=https://api.minecraftservices.com, name=PROD]
[17:30:34] [ServerMain/INFO]: Found new data pack file/bukkit, loading it automatically
[17:30:34] [ServerMain/INFO]: Found new data pack paper, loading it automatically
[17:30:35] [Paper Plugin Remapper Thread - 1/INFO]: [ReobfServer] Done remapping server in 8577ms.
[17:30:35] [ServerMain/INFO]: No existing world data, creating new world
[17:30:36] [ServerMain/INFO]: Loaded 1407 recipes
[17:30:36] [ServerMain/INFO]: Loaded 1520 advancements
[17:30:36] [ServerMain/INFO]: [ca.spottedleaf.dataconverter.minecraft.datatypes.MCTypeRegistry] Initialising converters for DataConverter...
[17:30:37] [ServerMain/INFO]: [ca.spottedleaf.dataconverter.minecraft.datatypes.MCTypeRegistry] Finished initialising converters for DataConverter in 490.5ms
[17:30:37] [Server thread/INFO]: Starting minecraft server version 1.21.8
[17:30:37] [Server thread/INFO]: Loading properties
[17:30:37] [Server thread/INFO]: This server is running Paper version 1.21.8-6-main@782ce95 (2025-07-18T20:26:58Z) (Implementing API version 1.21.8-R0.1-SNAPSHOT)
[17:30:37] [Server thread/INFO]: [spark] This server bundles the spark profiler. For more information please visit https://docs.papermc.io/paper/profiling
[17:30:37] [Server thread/INFO]: Server Ping Player Sample Count: 12
[17:30:37] [Server thread/INFO]: Using 4 threads for Netty based IO
[17:30:38] [Server thread/INFO]: [MoonriseCommon] Paper is using 1 worker threads, 1 I/O threads
[17:30:38] [Server thread/INFO]: [ChunkTaskScheduler] Chunk system is using population gen parallelism: true
[17:30:38] [Server thread/INFO]: Default game type: SURVIVAL
[17:30:38] [Server thread/INFO]: Generating keypair
[17:30:38] [Server thread/INFO]: Starting Minecraft server on *:25565
[17:30:38] [Server thread/INFO]: Using epoll channel type
[17:30:38] [Server thread/INFO]: Paper: Using libdeflate (Linux x86_64) compression from Velocity.
[17:30:38] [Server thread/INFO]: Paper: Using OpenSSL 3.x.x (Linux x86_64) cipher from Velocity.
[17:30:38] [Server thread/WARN]: **** SERVER IS RUNNING IN OFFLINE/INSECURE MODE!
[17:30:38] [Server thread/WARN]: The server will make no attempt to authenticate usernames. Beware.
[17:30:38] [Server thread/WARN]: While this makes the game possible to play without internet access, it also opens up the ability for hackers to connect with any username they choose.
[17:30:38] [Server thread/WARN]: To change this, set "online-mode" to "true" in the server.properties file.
[17:30:38] [Server thread/INFO]: Preparing level "world"
[17:30:51] [Server thread/INFO]: Preparing start region for dimension minecraft:overworld
[17:30:51] [Server thread/INFO]: Preparing spawn area: 2%
[17:30:51] [Server thread/INFO]: Preparing spawn area: 2%
[17:30:52] [Server thread/INFO]: Preparing spawn area: 2%
[17:30:52] [Server thread/INFO]: Preparing spawn area: 2%
[17:30:53] [Server thread/INFO]: Preparing spawn area: 2%
[17:30:53] [Server thread/INFO]: Preparing spawn area: 2%
[17:30:54] [Server thread/INFO]: Preparing spawn area: 2%
[17:30:54] [Server thread/INFO]: Preparing spawn area: 2%
[17:30:55] [Server thread/INFO]: Preparing spawn area: 6%
[17:30:55] [Server thread/INFO]: Preparing spawn area: 18%
[17:30:56] [Server thread/INFO]: Preparing spawn area: 18%
[17:30:56] [Server thread/INFO]: Preparing spawn area: 18%
[17:30:57] [Server thread/INFO]: Preparing spawn area: 24%
[17:30:57] [Server thread/INFO]: Preparing spawn area: 38%
[17:30:58] [Server thread/INFO]: Preparing spawn area: 57%
[17:30:58] [Server thread/INFO]: Preparing spawn area: 59%
[17:30:59] [Server thread/INFO]: Preparing spawn area: 59%
[17:30:59] [Server thread/INFO]: Preparing spawn area: 63%
[17:30:59] [Server thread/INFO]: Time elapsed: 8784 ms
[17:30:59] [Server thread/INFO]: Preparing start region for dimension minecraft:the_nether
[17:30:59] [Server thread/INFO]: Preparing spawn area: 2%
[17:31:00] [Server thread/INFO]: Preparing spawn area: 2%
[17:31:00] [Server thread/INFO]: Preparing spawn area: 18%
[17:31:01] [Server thread/INFO]: Preparing spawn area: 51%
[17:31:01] [Server thread/INFO]: Time elapsed: 1762 ms
[17:31:01] [Server thread/INFO]: Preparing start region for dimension minecraft:the_end
[17:31:01] [Server thread/INFO]: Preparing spawn area: 2%
[17:31:02] [Server thread/INFO]: Preparing spawn area: 77%
[17:31:02] [Server thread/INFO]: Time elapsed: 514 ms
[17:31:02] [Server thread/INFO]: [spark] Starting background profiler...
[17:31:02] [Server thread/INFO]: Done preparing level "world" (24.135s)
[17:31:02] [Server thread/INFO]: Running delayed init tasks
[17:31:02] [Server thread/INFO]: Done (37.780s)! For help, type "help"
[17:31:02] [Server thread/INFO]: *************************************************************************************
[17:31:02] [Server thread/INFO]: This is the first time you're starting this server.
[17:31:02] [Server thread/INFO]: It's recommended you read our 'Getting Started' documentation for guidance.
[17:31:02] [Server thread/INFO]: View this and more helpful information here: https://docs.papermc.io/paper/next-steps
[17:31:02] [Server thread/INFO]: *************************************************************************************
[17:31:29] [User Authenticator #0/INFO]: UUID of player sthilaireed is a5c322c1-a433-36c6-8021-d757628825cd
[17:31:34] [Server thread/INFO]: sthilaireed joined the game
[17:31:34] [Server thread/INFO]: sthilaireed[/127.198.128.226:42267] logged in with entity id 50 at ([world]138.5, 71.0, -894.5)
[17:34:04] [Server thread/INFO]: Made sthilaireed a server operator
[17:34:11] [Server thread/INFO]: sthilaireed issued server command: /gamemode creative
[17:34:11] [Server thread/INFO]: [sthilaireed: Set own game mode to Creative Mode]
